{"synthetic": false,
 "schemaVersion": "2025-09-10",
 "outputs":
 {"o": ["a4e0f3ff8f90f45e.olean"],
  "i": "5f9c5bc03a3115b2.ilean",
  "c": "dfc0b0913c925a69.c"},
 "log":
 [{"message":
   ".> LEAN_PATH=/Users/rachittibrewal/verilator_accelerated/coralnpu/hdl/sparkle/.lake/packages/MD4Lean/.lake/build/lib/lean:/Users/rachittibrewal/verilator_accelerated/coralnpu/hdl/sparkle/.lake/packages/BibtexQuery/.lake/build/lib/lean:/Users/rachittibrewal/verilator_accelerated/coralnpu/hdl/sparkle/.lake/packages/UnicodeBasic/.lake/build/lib/lean:/Users/rachittibrewal/verilator_accelerated/coralnpu/hdl/sparkle/.lake/packages/Cli/.lake/build/lib/lean:/Users/rachittibrewal/verilator_accelerated/coralnpu/hdl/sparkle/.lake/packages/doc-gen4/.lake/build/lib/lean:/Users/rachittibrewal/verilator_accelerated/coralnpu/hdl/sparkle/.lake/packages/LSpec/.lake/build/lib/lean:/Users/rachittibrewal/verilator_accelerated/sparkle/.lake/build/lib/lean:/Users/rachittibrewal/verilator_accelerated/coralnpu/hdl/sparkle/.lake/build/lib/lean /Users/rachittibrewal/.elan/toolchains/leanprover--lean4---v4.28.0-rc1/bin/lean /Users/rachittibrewal/verilator_accelerated/coralnpu/hdl/sparkle/CoralNPU/BitVec.lean -o /Users/rachittibrewal/verilator_accelerated/coralnpu/hdl/sparkle/.lake/build/lib/lean/CoralNPU/BitVec.olean -i /Users/rachittibrewal/verilator_accelerated/coralnpu/hdl/sparkle/.lake/build/lib/lean/CoralNPU/BitVec.ilean -c /Users/rachittibrewal/verilator_accelerated/coralnpu/hdl/sparkle/.lake/build/ir/CoralNPU/BitVec.c --setup /Users/rachittibrewal/verilator_accelerated/coralnpu/hdl/sparkle/.lake/build/ir/CoralNPU/BitVec.setup.json --json",
   "level": "trace"}],
 "inputs":
 [["CoralNPU.BitVec:deps",
   [["deps",
     [["CoralNPU/CoralNPU:extraDep",
       [["@CoralNPU:extraDep", "00000000000006bb"]]],
      ["imports",
       [["Sparkle transitive imports (legacy)", "382c0f5133189b44"],
        ["Sparkle:importAllArts", "a3c602b8e9b205a5"]]]]],
    ["libs",
     [["import dynlibs", "00000000000006bb"],
      ["package external libraries", "00000000000006bb"],
      ["module dynlibs", "00000000000006bb"],
      ["module plugins", "00000000000006bb"]]]]],
  ["Lean 4.28.0, commit 3b0f2862196c6a8af9eb0025ee650252694013dd",
   "612345b87aa96642"],
  ["/Users/rachittibrewal/verilator_accelerated/coralnpu/hdl/sparkle/CoralNPU/BitVec.lean",
   "b46838d9faea6c53"],
  ["options", "00000000000006bb"],
  ["Module.leanArgs: #[]", "00000000000006bb"]],
 "depHash": "82b5153a9813d1e4"}