{"synthetic": false,
 "schemaVersion": "2025-09-10",
 "outputs":
 {"o": ["a2ad9ef2a355bfb8.olean"],
  "i": "b5e02b7169310ea0.ilean",
  "c": "c61e00d1dc08e065.c"},
 "log":
 [{"message":
   ".> LEAN_PATH=/Users/rachittibrewal/verilator_accelerated/coralnpu/hdl/sparkle/.lake/packages/MD4Lean/.lake/build/lib/lean:/Users/rachittibrewal/verilator_accelerated/coralnpu/hdl/sparkle/.lake/packages/BibtexQuery/.lake/build/lib/lean:/Users/rachittibrewal/verilator_accelerated/coralnpu/hdl/sparkle/.lake/packages/UnicodeBasic/.lake/build/lib/lean:/Users/rachittibrewal/verilator_accelerated/coralnpu/hdl/sparkle/.lake/packages/Cli/.lake/build/lib/lean:/Users/rachittibrewal/verilator_accelerated/coralnpu/hdl/sparkle/.lake/packages/doc-gen4/.lake/build/lib/lean:/Users/rachittibrewal/verilator_accelerated/coralnpu/hdl/sparkle/.lake/packages/LSpec/.lake/build/lib/lean:/Users/rachittibrewal/verilator_accelerated/sparkle/.lake/build/lib/lean:/Users/rachittibrewal/verilator_accelerated/coralnpu/hdl/sparkle/.lake/build/lib/lean /Users/rachittibrewal/.elan/toolchains/leanprover--lean4---v4.28.0-rc1/bin/lean /Users/rachittibrewal/verilator_accelerated/coralnpu/hdl/sparkle/CoralNPU/Parameters.lean -o /Users/rachittibrewal/verilator_accelerated/coralnpu/hdl/sparkle/.lake/build/lib/lean/CoralNPU/Parameters.olean -i /Users/rachittibrewal/verilator_accelerated/coralnpu/hdl/sparkle/.lake/build/lib/lean/CoralNPU/Parameters.ilean -c /Users/rachittibrewal/verilator_accelerated/coralnpu/hdl/sparkle/.lake/build/ir/CoralNPU/Parameters.c --setup /Users/rachittibrewal/verilator_accelerated/coralnpu/hdl/sparkle/.lake/build/ir/CoralNPU/Parameters.setup.json --json",
   "level": "trace"}],
 "inputs":
 [["CoralNPU.Parameters:deps",
   [["deps",
     [["CoralNPU/CoralNPU:extraDep",
       [["@CoralNPU:extraDep", "00000000000006bb"]]],
      ["imports",
       [["Sparkle transitive imports (legacy)", "382c0f5133189b44"],
        ["Sparkle:importAllArts", "a3c602b8e9b205a5"]]]]],
    ["libs",
     [["import dynlibs", "00000000000006bb"],
      ["package external libraries", "00000000000006bb"],
      ["module dynlibs", "00000000000006bb"],
      ["module plugins", "00000000000006bb"]]]]],
  ["Lean 4.28.0, commit 3b0f2862196c6a8af9eb0025ee650252694013dd",
   "612345b87aa96642"],
  ["/Users/rachittibrewal/verilator_accelerated/coralnpu/hdl/sparkle/CoralNPU/Parameters.lean",
   "3e0c95c7e349b9e7"],
  ["options", "00000000000006bb"],
  ["Module.leanArgs: #[]", "00000000000006bb"]],
 "depHash": "8ffd578ab87ebec0"}