{"synthetic": false,
 "schemaVersion": "2025-09-10",
 "outputs":
 {"o": ["e09e91b0522af8b6.olean"],
  "i": "630960b974fadf63.ilean",
  "c": "9d065cb52656cf94.c"},
 "log":
 [{"message":
   ".> LEAN_PATH=/Users/rachittibrewal/verilator_accelerated/coralnpu/hdl/sparkle/.lake/packages/MD4Lean/.lake/build/lib/lean:/Users/rachittibrewal/verilator_accelerated/coralnpu/hdl/sparkle/.lake/packages/BibtexQuery/.lake/build/lib/lean:/Users/rachittibrewal/verilator_accelerated/coralnpu/hdl/sparkle/.lake/packages/UnicodeBasic/.lake/build/lib/lean:/Users/rachittibrewal/verilator_accelerated/coralnpu/hdl/sparkle/.lake/packages/Cli/.lake/build/lib/lean:/Users/rachittibrewal/verilator_accelerated/coralnpu/hdl/sparkle/.lake/packages/doc-gen4/.lake/build/lib/lean:/Users/rachittibrewal/verilator_accelerated/coralnpu/hdl/sparkle/.lake/packages/LSpec/.lake/build/lib/lean:/Users/rachittibrewal/verilator_accelerated/sparkle/.lake/build/lib/lean:/Users/rachittibrewal/verilator_accelerated/coralnpu/hdl/sparkle/.lake/build/lib/lean /Users/rachittibrewal/.elan/toolchains/leanprover--lean4---v4.28.0-rc1/bin/lean /Users/rachittibrewal/verilator_accelerated/coralnpu/hdl/sparkle/CoralNPU/Scalar/Mlu.lean -o /Users/rachittibrewal/verilator_accelerated/coralnpu/hdl/sparkle/.lake/build/lib/lean/CoralNPU/Scalar/Mlu.olean -i /Users/rachittibrewal/verilator_accelerated/coralnpu/hdl/sparkle/.lake/build/lib/lean/CoralNPU/Scalar/Mlu.ilean -c /Users/rachittibrewal/verilator_accelerated/coralnpu/hdl/sparkle/.lake/build/ir/CoralNPU/Scalar/Mlu.c --setup /Users/rachittibrewal/verilator_accelerated/coralnpu/hdl/sparkle/.lake/build/ir/CoralNPU/Scalar/Mlu.setup.json --json",
   "level": "trace"}],
 "inputs":
 [["CoralNPU.Scalar.Mlu:deps",
   [["deps",
     [["CoralNPU/CoralNPU:extraDep",
       [["@CoralNPU:extraDep", "00000000000006bb"]]],
      ["imports",
       [["Sparkle transitive imports (legacy)", "382c0f5133189b44"],
        ["Sparkle:importAllArts", "a3c602b8e9b205a5"],
        ["CoralNPU.Parameters transitive imports (legacy)", "9f07be3eda7d4726"],
        ["CoralNPU.Parameters:importAllArts", "a8e91cf10b484c9c"],
        ["CoralNPU.Interfaces transitive imports (legacy)", "2828eedbcf85ecd9"],
        ["CoralNPU.Interfaces:importAllArts", "6094c7716fb241b6"],
        ["CoralNPU.Common.Library transitive imports (legacy)",
         "b14f494a3738c49e"],
        ["CoralNPU.Common.Library:importAllArts", "35f89e024e6a7cc1"],
        ["CoralNPU.Common.Fifo transitive imports (legacy)",
         "c3b87057bffd220b"],
        ["CoralNPU.Common.Fifo:importAllArts", "c6a0c7dbb99c00a4"]]]]],
    ["libs",
     [["import dynlibs", "00000000000006bb"],
      ["package external libraries", "00000000000006bb"],
      ["module dynlibs", "00000000000006bb"],
      ["module plugins", "00000000000006bb"]]]]],
  ["Lean 4.28.0, commit 3b0f2862196c6a8af9eb0025ee650252694013dd",
   "612345b87aa96642"],
  ["/Users/rachittibrewal/verilator_accelerated/coralnpu/hdl/sparkle/CoralNPU/Scalar/Mlu.lean",
   "f51793262c41e77d"],
  ["options", "00000000000006bb"],
  ["Module.leanArgs: #[]", "00000000000006bb"]],
 "depHash": "e9cf461ad027bd67"}